<?xml version="1.0" encoding="UTF-8"?>
<testsuites name="jest tests" tests="14" failures="0" errors="0" time="0.963">
  <testsuite name="sum" errors="0" failures="0" skipped="0" timestamp="2026-02-07T00:31:03" time="0.703" tests="8">
    <testcase classname="sum adds two positive numbers" name="sum adds two positive numbers" time="0.002">
    </testcase>
    <testcase classname="sum adds two negative numbers" name="sum adds two negative numbers" time="0.001">
    </testcase>
    <testcase classname="sum adds positive and negative numbers" name="sum adds positive and negative numbers" time="0">
    </testcase>
    <testcase classname="sum adds zero" name="sum adds zero" time="0.001">
    </testcase>
    <testcase classname="sum adds floating point numbers" name="sum adds floating point numbers" time="0">
    </testcase>
    <testcase classname="sum adds large numbers" name="sum adds large numbers" time="0.001">
    </testcase>
    <testcase classname="sum handles NaN input" name="sum handles NaN input" time="0">
    </testcase>
    <testcase classname="sum handles Infinity" name="sum handles Infinity" time="0.001">
    </testcase>
  </testsuite>
  <testsuite name="sum" errors="0" failures="0" skipped="0" timestamp="2026-02-07T00:31:04" time="0.052" tests="6">
    <testcase classname="sum adds two positive numbers" name="sum adds two positive numbers" time="0.001">
    </testcase>
    <testcase classname="sum adds two negative numbers" name="sum adds two negative numbers" time="0">
    </testcase>
    <testcase classname="sum adds positive and negative numbers" name="sum adds positive and negative numbers" time="0.001">
    </testcase>
    <testcase classname="sum adds zero" name="sum adds zero" time="0">
    </testcase>
    <testcase classname="sum adds floating point numbers" name="sum adds floating point numbers" time="0">
    </testcase>
    <testcase classname="sum adds large numbers" name="sum adds large numbers" time="0">
    </testcase>
  </testsuite>
</testsuites>